<area shape="rect" href="$class__OWL.html" title="_OWL" alt="" coords="5,132,61,159">
<area shape="rect" href="$classDataHandler.html" title="The OWL Data object." alt="" coords="120,6,221,32">
<area shape="rect" href="$classDbHandler.html" title="Database handler." alt="" coords="127,56,215,83">
<area shape="rect" href="$classLogHandler.html" title="Log handler." alt="" coords="124,107,217,134">
<area shape="rect" href="$classOWL.html" title="OWL" alt="" coords="147,158,195,184">
<area shape="rect" href="$classSessionHandler.html" title="the PHP session object" alt="" coords="111,208,231,235">
<area shape="rect" href="$classUserHandler.html" title="the user object" alt="" coords="120,259,221,286">
<area shape="rect" href="$classFormHandler.html" title="Formhandler." alt="" coords="280,6,384,32">
<area shape="rect" href="$classSession.html" title="the OWL&#45;PHP session object" alt="" coords="296,208,368,235">
<area shape="rect" href="$classUser.html" title="the OWL&#45;PHP session object" alt="" coords="307,259,357,286">
